08:35:20 **** Incremental Build of configuration Debug for project proj2 ****
make all 
Building file: /home/chad/vmshare/project/ece544/proj2/sw/proj2.c
Invoking: MicroBlaze gcc compiler
mb-gcc -Wall -O0 -g3 -c -fmessage-length=0 -MT"proj2.o" -I../../standalone_bsp_0/microblaze_0/include -mlittle-endian -mcpu=v9.5 -mxl-soft-mul -Wl,--no-relax -MMD -MP -MF"proj2.d" -MT"proj2.d" -o "proj2.o" "/home/chad/vmshare/project/ece544/proj2/sw/proj2.c"
Finished building: /home/chad/vmshare/project/ece544/proj2/sw/proj2.c
 
Building target: proj2.elf
Invoking: MicroBlaze gcc linker
mb-gcc -Wl,-T -Wl,../src/lscript.ld -L../../standalone_bsp_0/microblaze_0/lib -mlittle-endian -mcpu=v9.5 -mxl-soft-mul -Wl,--no-relax -o "proj2.elf"  ./platform.o ./proj2.o ./pwm_tmrctr.o   -Wl,--start-group,-lxil,-lgcc,-lc,--end-group
Finished building target: proj2.elf
 
Invoking: MicroBlaze Print Size
mb-size proj2.elf  |tee "proj2.elf.size"
   text	   data	    bss	    dec	    hex	filename
  38577	    376	   2327	  41280	   a140	proj2.elf
Finished building: proj2.elf.size
 
08:35:27 **** Incremental Build of configuration Debug for project proj2 ****
make all 
make: Nothing to be done for `all'.
